
> frontend@0.0.0 dev
> vite --port 5173 --host 127.0.0.1


  VITE v8.0.16  ready in 89 ms

  ➜  Local:   http://127.0.0.1:5173/
  ➜  press h + enter to show help
🐼 info [hrtime] Extracted in (17.44ms)
3:40:38 PM [vite] (client) hmr update /src/App.jsx, /src/index.css
🐼 info [hrtime] Extracted in (21.92ms)
3:41:15 PM [vite] (client) hmr update /src/index.css
🐼 info [hrtime] Extracted in (11.13ms)
3:41:15 PM [vite] (client) hmr update /src/App.jsx
3:41:15 PM [vite] (client) hmr update /src/App.jsx
3:41:57 PM [vite] (client) hmr update /src/App.jsx
3:41:57 PM [vite] (client) hmr update /src/App.jsx
3:41:57 PM [vite] (client) hmr update /src/App.jsx
3:41:57 PM [vite] (client) hmr update /src/App.jsx
3:41:57 PM [vite] (client) hmr update /src/App.jsx
3:41:57 PM [vite] (client) hmr update /src/App.jsx
3:41:57 PM [vite] (client) hmr update /src/App.jsx
3:41:57 PM [vite] (client) hmr update /src/App.jsx
3:41:57 PM [vite] (client) hmr update /src/App.jsx
3:41:57 PM [vite] (client) hmr update /src/App.jsx
3:41:57 PM [vite] (client) hmr update /src/App.jsx
3:41:57 PM [vite] (client) hmr update /src/App.jsx
3:41:57 PM [vite] (client) hmr update /src/App.jsx
3:41:57 PM [vite] (client) hmr update /src/App.jsx
3:41:57 PM [vite] (client) hmr update /src/App.jsx
3:41:57 PM [vite] (client) hmr update /src/App.jsx
3:41:57 PM [vite] (client) hmr update /src/App.jsx
3:41:57 PM [vite] (client) hmr update /src/App.jsx
3:41:57 PM [vite] (client) hmr update /src/App.jsx
3:41:57 PM [vite] (client) hmr update /src/App.jsx
3:41:57 PM [vite] (client) hmr update /src/App.jsx
3:41:57 PM [vite] (client) hmr update /src/App.jsx
3:41:57 PM [vite] (client) hmr update /src/App.jsx
3:41:57 PM [vite] (client) hmr update /src/App.jsx
3:41:57 PM [vite] (client) hmr update /src/App.jsx
3:41:57 PM [vite] (client) hmr update /src/App.jsx
3:41:57 PM [vite] (client) hmr update /src/App.jsx
3:41:57 PM [vite] (client) hmr update /src/App.jsx
3:42:20 PM [vite] (client) hmr update /src/App.jsx, /src/index.css
🐼 info [hrtime] Extracted in (12.50ms)
3:43:09 PM [vite] (client) hmr update /src/index.css
🐼 info [hrtime] Extracted in (0.01ms)
3:43:17 PM [vite] (client) hmr update /src/App.jsx, /src/index.css
🐼 info [hrtime] Extracted in (11.25ms)
3:43:20 PM [vite] (client) hmr update /src/App.jsx, /src/index.css
🐼 info [hrtime] Extracted in (11.88ms)
3:44:03 PM [vite] (client) hmr update /src/App.jsx, /src/index.css
🐼 info [hrtime] Extracted in (14.94ms)
